Terminal_1:

Last login: Sun Dec 14 08:50:19 on ttys007
amit_1497@AMITs-MacBook-Air ~ % java --version
The operation couldnâ€™t be completed. Unable to locate a Java Runtime.
Please visit http://www.java.com for information on installing Java.

amit_1497@AMITs-MacBook-Air ~ % brew --version
Homebrew 5.0.5
amit_1497@AMITs-MacBook-Air ~ % brew install openjdk@11
==> Auto-updating Homebrew...
Adjust how often this is run with `$HOMEBREW_AUTO_UPDATE_SECS` or disable with
`$HOMEBREW_NO_AUTO_UPDATE=1`. Hide these hints with `$HOMEBREW_NO_ENV_HINTS=1` (see `man brew`).
==> Auto-updated Homebrew!
Updated 2 taps (homebrew/core and homebrew/cask).
==> New Formulae
rad: Modern CLI scripts made easy
rockcraft: Tool to create OCI images using the language from Snapcraft and Charmcraft
tfclean: Remove applied moved block, import block, etc
==> New Casks
smartsheet: Spreadsheet-style project management solution

You have 10 outdated formulae and 2 outdated casks installed.

==> Fetching downloads for: openjdk@11
âœ”ï¸ Bottle Manifest openjdk@11 (11.0.29)             [Downloaded   39.7KB/ 39.7KB]
âœ”ï¸ Bottle Manifest libpng (1.6.53)                  [Downloaded    8.5KB/  8.5KB]
âœ”ï¸ Bottle Manifest freetype (2.14.1_1)              [Downloaded    9.2KB/  9.2KB]
âœ”ï¸ Bottle freetype (2.14.1_1)                       [Downloaded  991.0KB/991.0KB]
âœ”ï¸ Bottle Manifest giflib (5.2.2)                   [Downloaded   10.8KB/ 10.8KB]
âœ”ï¸ Bottle Manifest fontconfig (2.17.1)              [Downloaded   17.3KB/ 17.3KB]
âœ”ï¸ Bottle fontconfig (2.17.1)                       [Downloaded  400.1KB/400.1KB]
âœ”ï¸ Bottle Manifest pcre2 (10.47)                    [Downloaded   10.4KB/ 10.4KB]
âœ”ï¸ Bottle pcre2 (10.47)                             [Downloaded    2.4MB/  2.4MB]
âœ”ï¸ Bottle Manifest glib (2.86.3)                    [Downloaded   20.2KB/ 20.2KB]
âœ”ï¸ Bottle Manifest xorgproto (2024.1)               [Downloaded   20.6KB/ 20.6KB]
âœ”ï¸ Bottle Manifest libxau (1.0.12)                  [Downloaded   10.3KB/ 10.3KB]
âœ”ï¸ Bottle libxau (1.0.12)                           [Downloaded   33.4KB/ 33.4KB]
âœ”ï¸ Bottle Manifest libxdmcp (1.1.5)                 [Downloaded   12.0KB/ 12.0KB]
âœ”ï¸ Bottle xorgproto (2024.1)                        [Downloaded  717.1KB/717.1KB]
âœ”ï¸ Bottle libxdmcp (1.1.5)                          [Downloaded   36.8KB/ 36.8KB]
âœ”ï¸ Bottle Manifest libxcb (1.17.0)                  [Downloaded   19.2KB/ 19.2KB]
âœ”ï¸ Bottle Manifest libx11 (1.8.12)                  [Downloaded   18.3KB/ 18.3KB]
âœ”ï¸ Bottle Manifest libxext (1.3.6)                  [Downloaded   16.8KB/ 16.8KB]
âœ”ï¸ Bottle Manifest libxrender (0.9.12)              [Downloaded   14.2KB/ 14.2KB]
âœ”ï¸ Bottle libxrender (0.9.12)                       [Downloaded   54.6KB/ 54.6KB]
âœ”ï¸ Bottle Manifest lzo (2.10)                       [Downloaded   16.7KB/ 16.7KB]
âœ”ï¸ Bottle libxext (1.3.6)                           [Downloaded  108.4KB/108.4KB]
âœ”ï¸ Bottle Manifest pixman (0.46.4)                  [Downloaded    9.3KB/  9.3KB]
âœ”ï¸ Bottle lzo (2.10)                                [Downloaded  149.6KB/149.6KB]
âœ”ï¸ Bottle Manifest graphite2 (1.3.14)               [Downloaded    8.0KB/  8.0KB]
âœ”ï¸ Bottle Manifest lz4 (1.10.0)                     [Downloaded   13.8KB/ 13.8KB]
âœ”ï¸ Bottle pixman (0.46.4)                           [Downloaded  416.2KB/416.2KB]
âœ”ï¸ Bottle lz4 (1.10.0)                              [Downloaded  279.7KB/279.7KB]
âœ”ï¸ Bottle Manifest zstd (1.5.7)                     [Downloaded   16.2KB/ 16.2KB]
âœ”ï¸ Bottle zstd (1.5.7)                              [Downloaded  793.5KB/793.5KB]
âœ”ï¸ Bottle Manifest cairo (1.18.4)                   [Downloaded   37.0KB/ 37.0KB]
âœ”ï¸ Bottle Manifest icu4c@78 (78.1)                  [Downloaded    9.7KB/  9.7KB]
âœ”ï¸ Bottle cairo (1.18.4)                            [Downloaded    1.6MB/  1.6MB]
âœ”ï¸ Bottle Manifest harfbuzz (12.2.0_1)              [Downloaded   29.9KB/ 29.9KB]
âœ”ï¸ Bottle libxcb (1.17.0)                           [Downloaded  999.8KB/999.8KB]
âœ”ï¸ Bottle Manifest jpeg-turbo (3.1.3)               [Downloaded    8.3KB/  8.3KB]
âœ”ï¸ Bottle Manifest libtiff (4.7.1)                  [Downloaded   12.5KB/ 12.5KB]
âœ”ï¸ Bottle harfbuzz (12.2.0_1)                       [Downloaded    3.3MB/  3.3MB]
âœ”ï¸ Bottle libpng (1.6.53)                           [Downloaded  459.1KB/459.1KB]
âœ”ï¸ Bottle jpeg-turbo (3.1.3)                        [Downloaded    1.1MB/  1.1MB]
âœ”ï¸ Bottle little-cms2 (2.17)                        [Downloaded  433.3KB/433.3KB]
âœ”ï¸ Bottle Manifest little-cms2 (2.17)               [Downloaded   15.1KB/ 15.1KB]
âœ”ï¸ Bottle libtiff (4.7.1)                           [Downloaded    1.9MB/  1.9MB]
âœ”ï¸ Bottle libx11 (1.8.12)                           [Downloaded    2.3MB/  2.3MB]
âœ”ï¸ Bottle graphite2 (1.3.14)                        [Downloaded   92.6KB/ 92.6KB]
âœ”ï¸ Bottle glib (2.86.3)                             [Downloaded    9.2MB/  9.2MB]
âœ”ï¸ Bottle icu4c@78 (78.1)                           [Downloaded   31.8MB/ 31.8MB]
âœ”ï¸ Bottle giflib (5.2.2)                            [Downloaded  153.0KB/153.0KB]
âœ”ï¸ Bottle openjdk@11 (11.0.29)                      [Downloaded  187.0MB/187.0MB]
==> Installing dependencies for openjdk@11: libpng, freetype, giflib, fontconfig, pcre2, glib, xorgproto, libxau, libxdmcp, libxcb, libx11, libxext, libxrender, lzo, pixman, cairo, graphite2, icu4c@78, harfbuzz, jpeg-turbo, lz4, zstd, libtiff and little-cms2
==> Installing openjdk@11 dependency: libpng
==> Pouring libpng--1.6.53.arm64_tahoe.bottle.tar.gz
ğŸº  /opt/homebrew/Cellar/libpng/1.6.53: 28 files, 1.4MB
==> Installing openjdk@11 dependency: freetype
==> Pouring freetype--2.14.1_1.arm64_tahoe.bottle.tar.gz
ğŸº  /opt/homebrew/Cellar/freetype/2.14.1_1: 68 files, 2.7MB
==> Installing openjdk@11 dependency: giflib
==> Pouring giflib--5.2.2.arm64_tahoe.bottle.tar.gz
ğŸº  /opt/homebrew/Cellar/giflib/5.2.2: 20 files, 559.4KB
==> Installing openjdk@11 dependency: fontconfig
==> Pouring fontconfig--2.17.1.arm64_tahoe.bottle.1.tar.gz
==> Regenerating font cache, this may take a while
==> /opt/homebrew/Cellar/fontconfig/2.17.1/bin/fc-cache --force --really-force -
ğŸº  /opt/homebrew/Cellar/fontconfig/2.17.1: 98 files, 1.6MB
==> Installing openjdk@11 dependency: pcre2
==> Pouring pcre2--10.47.arm64_tahoe.bottle.tar.gz
ğŸº  /opt/homebrew/Cellar/pcre2/10.47: 244 files, 7.3MB
==> Installing openjdk@11 dependency: glib
==> Pouring glib--2.86.3.arm64_tahoe.bottle.tar.gz
ğŸº  /opt/homebrew/Cellar/glib/2.86.3: 504 files, 39.6MB
==> Installing openjdk@11 dependency: xorgproto
==> Pouring xorgproto--2024.1.arm64_tahoe.bottle.tar.gz
ğŸº  /opt/homebrew/Cellar/xorgproto/2024.1: 268 files, 4.1MB
==> Installing openjdk@11 dependency: libxau
==> Pouring libxau--1.0.12.arm64_tahoe.bottle.tar.gz
ğŸº  /opt/homebrew/Cellar/libxau/1.0.12: 21 files, 137.4KB
==> Installing openjdk@11 dependency: libxdmcp
==> Pouring libxdmcp--1.1.5.arm64_tahoe.bottle.tar.gz
ğŸº  /opt/homebrew/Cellar/libxdmcp/1.1.5: 12 files, 143.0KB
==> Installing openjdk@11 dependency: libxcb
==> Pouring libxcb--1.17.0.arm64_tahoe.bottle.1.tar.gz
ğŸº  /opt/homebrew/Cellar/libxcb/1.17.0: 2,498 files, 7.9MB
==> Installing openjdk@11 dependency: libx11
==> Pouring libx11--1.8.12.arm64_tahoe.bottle.tar.gz
ğŸº  /opt/homebrew/Cellar/libx11/1.8.12: 1,043 files, 7.4MB
==> Installing openjdk@11 dependency: libxext
==> Pouring libxext--1.3.6.arm64_tahoe.bottle.tar.gz
ğŸº  /opt/homebrew/Cellar/libxext/1.3.6: 88 files, 468.6KB
==> Installing openjdk@11 dependency: libxrender
==> Pouring libxrender--0.9.12.arm64_tahoe.bottle.tar.gz
ğŸº  /opt/homebrew/Cellar/libxrender/0.9.12: 13 files, 230.5KB
==> Installing openjdk@11 dependency: lzo
==> Pouring lzo--2.10.arm64_tahoe.bottle.tar.gz
ğŸº  /opt/homebrew/Cellar/lzo/2.10: 32 files, 579.8KB
==> Installing openjdk@11 dependency: pixman
==> Pouring pixman--0.46.4.arm64_tahoe.bottle.1.tar.gz
ğŸº  /opt/homebrew/Cellar/pixman/0.46.4: 11 files, 1.4MB
==> Installing openjdk@11 dependency: cairo
==> Pouring cairo--1.18.4.arm64_tahoe.bottle.1.tar.gz
ğŸº  /opt/homebrew/Cellar/cairo/1.18.4: 58 files, 4.7MB
==> Installing openjdk@11 dependency: graphite2
==> Pouring graphite2--1.3.14.arm64_tahoe.bottle.2.tar.gz
ğŸº  /opt/homebrew/Cellar/graphite2/1.3.14: 19 files, 277.5KB
==> Installing openjdk@11 dependency: icu4c@78
==> Pouring icu4c@78--78.1.arm64_tahoe.bottle.tar.gz
ğŸº  /opt/homebrew/Cellar/icu4c@78/78.1: 279 files, 87.7MB
==> Installing openjdk@11 dependency: harfbuzz
==> Pouring harfbuzz--12.2.0_1.arm64_tahoe.bottle.tar.gz
ğŸº  /opt/homebrew/Cellar/harfbuzz/12.2.0_1: 77 files, 12.4MB
==> Installing openjdk@11 dependency: jpeg-turbo
==> Pouring jpeg-turbo--3.1.3.arm64_tahoe.bottle.tar.gz
ğŸº  /opt/homebrew/Cellar/jpeg-turbo/3.1.3: 47 files, 3.7MB
==> Installing openjdk@11 dependency: lz4
==> Pouring lz4--1.10.0.arm64_tahoe.bottle.1.tar.gz
ğŸº  /opt/homebrew/Cellar/lz4/1.10.0: 24 files, 768.9KB
==> Installing openjdk@11 dependency: zstd
==> Pouring zstd--1.5.7.arm64_tahoe.bottle.1.tar.gz
ğŸº  /opt/homebrew/Cellar/zstd/1.5.7: 32 files, 2.3MB
==> Installing openjdk@11 dependency: libtiff
==> Pouring libtiff--4.7.1.arm64_tahoe.bottle.tar.gz
ğŸº  /opt/homebrew/Cellar/libtiff/4.7.1: 488 files, 9.0MB
==> Installing openjdk@11 dependency: little-cms2
==> Pouring little-cms2--2.17.arm64_tahoe.bottle.tar.gz
ğŸº  /opt/homebrew/Cellar/little-cms2/2.17: 23 files, 1.5MB
==> Installing openjdk@11
==> Pouring openjdk@11--11.0.29.arm64_tahoe.bottle.tar.gz
==> Caveats
For the system Java wrappers to find this JDK, symlink it with
  sudo ln -sfn /opt/homebrew/opt/openjdk@11/libexec/openjdk.jdk /Library/Java/JavaVirtualMachines/openjdk-11.jdk

openjdk@11 is keg-only, which means it was not symlinked into /opt/homebrew,
because this is an alternate version of another formula.

If you need to have openjdk@11 first in your PATH, run:
  echo 'export PATH="/opt/homebrew/opt/openjdk@11/bin:$PATH"' >> ~/.zshrc

For compilers to find openjdk@11 you may need to set:
  export CPPFLAGS="-I/opt/homebrew/opt/openjdk@11/include"
==> Summary
ğŸº  /opt/homebrew/Cellar/openjdk@11/11.0.29: 667 files, 310.3MB
==> Running `brew cleanup openjdk@11`...
Disable this behaviour by setting `HOMEBREW_NO_INSTALL_CLEANUP=1`.
Hide these hints with `HOMEBREW_NO_ENV_HINTS=1` (see `man brew`).
==> Caveats
==> openjdk@11
For the system Java wrappers to find this JDK, symlink it with
  sudo ln -sfn /opt/homebrew/opt/openjdk@11/libexec/openjdk.jdk /Library/Java/JavaVirtualMachines/openjdk-11.jdk

openjdk@11 is keg-only, which means it was not symlinked into /opt/homebrew,
because this is an alternate version of another formula.

If you need to have openjdk@11 first in your PATH, run:
  echo 'export PATH="/opt/homebrew/opt/openjdk@11/bin:$PATH"' >> ~/.zshrc

For compilers to find openjdk@11 you may need to set:
  export CPPFLAGS="-I/opt/homebrew/opt/openjdk@11/include"
amit_1497@AMITs-MacBook-Air ~ % sudo ln -sfn /opt/homebrew/opt/openjdk@11/libexec/openjdk.jdk /Library/Java/JavaVirtualMachines/openjdk-11.jdk
Password:
amit_1497@AMITs-MacBook-Air ~ % sudo ln -sfn /opt/homebrew/opt/openjdk@11/libexec/openjdk.jdk /Library/Java/JavaVirtualMachines/openjdk-11.jdk
amit_1497@AMITs-MacBook-Air ~ % echo 'export PATH="/opt/homebrew/opt/openjdk@11/bin:$PATH"' >> ~/.zshrc
amit_1497@AMITs-MacBook-Air ~ % echo 'export CPPFLAGS="-I/opt/homebrew/opt/openjdk@11/include"' >> ~/.zshrc
amit_1497@AMITs-MacBook-Air ~ % echo 'export JAVA_HOME=$(/usr/libexec/java_home -v 11)' >> ~/.zshrc
amit_1497@AMITs-MacBook-Air ~ % source ~/.zshrc
amit_1497@AMITs-MacBook-Air ~ % java -version
openjdk version "11.0.29" 2025-10-21
OpenJDK Runtime Environment Homebrew (build 11.0.29+0)
OpenJDK 64-Bit Server VM Homebrew (build 11.0.29+0, mixed mode)
amit_1497@AMITs-MacBook-Air ~ % cd /Users/amit_1497/Downloads/revolution/practice/guidedLearning/crypto-stream-lakehouse
amit_1497@AMITs-MacBook-Air crypto-stream-lakehouse % docker-compose up -d
WARN[0000] /Users/amit_1497/Downloads/revolution/practice/guidedLearning/crypto-stream-lakehouse/docker-compose.yml: the attribute `version` is obsolete, it will be ignored, please remove it to avoid potential confusion 
[+] Running 14/15
 âœ” zookeeper Pulled                                                       33.8s 
   âœ” b4d293195cb8 Pull complete                                            0.4s 
   âœ” 9855f0939acd Pull complete                                           28.1s 
 âœ” broker Pulled                                                          33.8s 
   âœ” 9c2f80a84992 Pull complete                                            1.6s 
   â ¹ e7137cfa206e Extracting  1 s                                         28.3s 
   âœ” fdeef29ac805 Pull complete                                            1.5s 
   âœ” 4b3ca0422b2d Pull complete                                            0.7s 
   âœ” 1323a34717bc Pull complete                                           27.1s 
   âœ” e25648cb50ed Pull complete                                           28.2s 
   âœ” 1c920487b3ee Pull complete                                           27.2s 
   âœ” 0feac35068e9 Pull complete                                           27.5s 
   âœ” 2ff788fc6a64 Pull complete                                            1.6s 
   âœ” 04d70d2a3c8c Pull complete                                            1.8s 
   âœ” 40e837380f80 Pull complete                                            0.3s 
[+] Running 2/2
 âœ” Network crypto-stream-lakehouse_default  Created                               0.0s 
 âœ˜ Container zookeeper               Error respon...                       0.0s 
Error response from daemon: Conflict. The container name "/zookeeper" is already in use by container "da5debe9ae846953208fe2fa06b3ade84b6bb8f53c678c79ecaa609da044163f". You have to remove (or rename) that container to be able to reuse that name.
amit_1497@AMITs-MacBook-Air crypto-stream-lakehouse % docker rm -f zookeeper        
zookeeper
amit_1497@AMITs-MacBook-Air crypto-stream-lakehouse % docker-compose up -d  
WARN[0000] /Users/amit_1497/Downloads/revolution/practice/guidedLearning/crypto-stream-lakehouse/docker-compose.yml: the attribute `version` is obsolete, it will be ignored, please remove it to avoid potential confusion 
[+] Running 2/2
 âœ” Container zookeeper  Created                                            0.1s 
 âœ˜ Container broker     Error response from daemon: ...                    0.0s 
Error response from daemon: Conflict. The container name "/broker" is already in use by container "88c2abafd1e8829ea9f1a10557c00aaccf516b3c9734350cfcc2db70e16ef68b". You have to remove (or rename) that container to be able to reuse that name.
amit_1497@AMITs-MacBook-Air crypto-stream-lakehouse % docker rm -f kafka-ui broker
kafka-ui
broker
amit_1497@AMITs-MacBook-Air crypto-stream-lakehouse % docker-compose up -d        
WARN[0000] /Users/amit_1497/Downloads/revolution/practice/guidedLearning/crypto-stream-lakehouse/docker-compose.yml: the attribute `version` is obsolete, it will be ignored, please remove it to avoid potential confusion 
[+] Running 3/3
 âœ” Container broker     Started                                            0.4s 
 âœ” Container kafka-ui   Started                                            0.5s 
 âœ” Container zookeeper  Started                                            0.1s 
amit_1497@AMITs-MacBook-Air crypto-stream-lakehouse % pip install -r requirements.txt
Collecting confluent-kafka==2.3.0 (from -r requirements.txt (line 2))
  Downloading confluent_kafka-2.3.0-cp311-cp311-macosx_11_0_arm64.whl.metadata (2.3 kB)
Collecting websocket-client==1.7.0 (from -r requirements.txt (line 5))
  Downloading websocket_client-1.7.0-py3-none-any.whl.metadata (7.9 kB)
Collecting pyspark==3.5.0 (from -r requirements.txt (line 8))
  Downloading pyspark-3.5.0.tar.gz (316.9 MB)
     â”â”â”â”â”â”â”â”â”â”â”â”â”â”â”â”â”â”â”â”â”â”â”â”â”â”â”â”â”â”â”â”â”â”â”â”â”â”â”â” 316.9/316.9 MB 3.7 MB/s  0:01:31
  Installing build dependencies ... done
  Getting requirements to build wheel ... done
  Preparing metadata (pyproject.toml) ... done
Collecting delta-spark==3.0.0 (from -r requirements.txt (line 11))
  Downloading delta_spark-3.0.0-py3-none-any.whl.metadata (2.0 kB)
Collecting py4j==0.10.9.7 (from pyspark==3.5.0->-r requirements.txt (line 8))
  Using cached py4j-0.10.9.7-py2.py3-none-any.whl.metadata (1.5 kB)
Requirement already satisfied: importlib-metadata>=1.0.0 in /Users/amit_1497/.pyenv/versions/3.11.14/lib/python3.11/site-packages (from delta-spark==3.0.0->-r requirements.txt (line 11)) (8.7.0)
Requirement already satisfied: zipp>=3.20 in /Users/amit_1497/.pyenv/versions/3.11.14/lib/python3.11/site-packages (from importlib-metadata>=1.0.0->delta-spark==3.0.0->-r requirements.txt (line 11)) (3.23.0)
Downloading confluent_kafka-2.3.0-cp311-cp311-macosx_11_0_arm64.whl (2.9 MB)
   â”â”â”â”â”â”â”â”â”â”â”â”â”â”â”â”â”â”â”â”â”â”â”â”â”â”â”â”â”â”â”â”â”â”â”â”â”â”â”â” 2.9/2.9 MB 4.0 MB/s  0:00:00
Downloading websocket_client-1.7.0-py3-none-any.whl (58 kB)
Downloading delta_spark-3.0.0-py3-none-any.whl (21 kB)
Using cached py4j-0.10.9.7-py2.py3-none-any.whl (200 kB)
Building wheels for collected packages: pyspark
  Building wheel for pyspark (pyproject.toml) ... done
  Created wheel for pyspark: filename=pyspark-3.5.0-py2.py3-none-any.whl size=317425400 sha256=a79e6b3c475b39112ae1411854a533d0fd2857989fe47995d911ca81370c8b90
  Stored in directory: /Users/amit_1497/Library/Caches/pip/wheels/38/df/61/8c121f50c3cffd77f8178180dd232d90b3b99d1bd61fb6d6be
Successfully built pyspark
Installing collected packages: py4j, confluent-kafka, websocket-client, pyspark, delta-spark
Successfully installed confluent-kafka-2.3.0 delta-spark-3.0.0 py4j-0.10.9.7 pyspark-3.5.0 websocket-client-1.7.0
amit_1497@AMITs-MacBook-Air crypto-stream-lakehouse % 



Terminal_2:
Last login: Sun Dec 14 12:00:31 on ttys007
amit_1497@AMITs-MacBook-Air ~ % cd /Users/amit_1497/Downloads/revolution/practice/guidedLearning/crypto-stream-lakehouse
amit_1497@AMITs-MacBook-Air crypto-stream-lakehouse % python producer.py
ğŸ”Œ Connected to Kraken WebSocket.
ğŸ“¡ Subscribed to ['XBT/USD']
âœ… Message delivered to crypto_ticks [0] at offset 0
âœ… Message delivered to crypto_ticks [0] at offset 1
âœ… Message delivered to crypto_ticks [0] at offset 2
âœ… Message delivered to crypto_ticks [0] at offset 3
âœ… Message delivered to crypto_ticks [0] at offset 4
âœ… Message delivered to crypto_ticks [0] at offset 5
âœ… Message delivered to crypto_ticks [0] at offset 6
âœ… Message delivered to crypto_ticks [0] at offset 7
âœ… Message delivered to crypto_ticks [0] at offset 8
âœ… Message delivered to crypto_ticks [0] at offset 9
âœ… Message delivered to crypto_ticks [0] at offset 10
âœ… Message delivered to crypto_ticks [0] at offset 11
âœ… Message delivered to crypto_ticks [0] at offset 12
âœ… Message delivered to crypto_ticks [0] at offset 13
âœ… Message delivered to crypto_ticks [0] at offset 14
âœ… Message delivered to crypto_ticks [0] at offset 15
âœ… Message delivered to crypto_ticks [0] at offset 16
âœ… Message delivered to crypto_ticks [0] at offset 17
âœ… Message delivered to crypto_ticks [0] at offset 18
âœ… Message delivered to crypto_ticks [0] at offset 19
âœ… Message delivered to crypto_ticks [0] at offset 20
âœ… Message delivered to crypto_ticks [0] at offset 21
âœ… Message delivered to crypto_ticks [0] at offset 22
âœ… Message delivered to crypto_ticks [0] at offset 23
âœ… Message delivered to crypto_ticks [0] at offset 24
âœ… Message delivered to crypto_ticks [0] at offset 25
âœ… Message delivered to crypto_ticks [0] at offset 26
âœ… Message delivered to crypto_ticks [0] at offset 27
âœ… Message delivered to crypto_ticks [0] at offset 28
âœ… Message delivered to crypto_ticks [0] at offset 29
âœ… Message delivered to crypto_ticks [0] at offset 30
âœ… Message delivered to crypto_ticks [0] at offset 31
âœ… Message delivered to crypto_ticks [0] at offset 32
âœ… Message delivered to crypto_ticks [0] at offset 33
âœ… Message delivered to crypto_ticks [0] at offset 34
âœ… Message delivered to crypto_ticks [0] at offset 35
âœ… Message delivered to crypto_ticks [0] at offset 36
âœ… Message delivered to crypto_ticks [0] at offset 37
âœ… Message delivered to crypto_ticks [0] at offset 38
âœ… Message delivered to crypto_ticks [0] at offset 39
âœ… Message delivered to crypto_ticks [0] at offset 40
âœ… Message delivered to crypto_ticks [0] at offset 41
âœ… Message delivered to crypto_ticks [0] at offset 42
âœ… Message delivered to crypto_ticks [0] at offset 43
âœ… Message delivered to crypto_ticks [0] at offset 44
âœ… Message delivered to crypto_ticks [0] at offset 45
âœ… Message delivered to crypto_ticks [0] at offset 46
âœ… Message delivered to crypto_ticks [0] at offset 47
âœ… Message delivered to crypto_ticks [0] at offset 48
âœ… Message delivered to crypto_ticks [0] at offset 49
âœ… Message delivered to crypto_ticks [0] at offset 50
âœ… Message delivered to crypto_ticks [0] at offset 51
âœ… Message delivered to crypto_ticks [0] at offset 52
âœ… Message delivered to crypto_ticks [0] at offset 53
âœ… Message delivered to crypto_ticks [0] at offset 54
âœ… Message delivered to crypto_ticks [0] at offset 55
âœ… Message delivered to crypto_ticks [0] at offset 56
âœ… Message delivered to crypto_ticks [0] at offset 57
âœ… Message delivered to crypto_ticks [0] at offset 58
âœ… Message delivered to crypto_ticks [0] at offset 59
âœ… Message delivered to crypto_ticks [0] at offset 60
âœ… Message delivered to crypto_ticks [0] at offset 61
âœ… Message delivered to crypto_ticks [0] at offset 62
âœ… Message delivered to crypto_ticks [0] at offset 63
âœ… Message delivered to crypto_ticks [0] at offset 64
âœ… Message delivered to crypto_ticks [0] at offset 65
âœ… Message delivered to crypto_ticks [0] at offset 66
âœ… Message delivered to crypto_ticks [0] at offset 67
âœ… Message delivered to crypto_ticks [0] at offset 68
âœ… Message delivered to crypto_ticks [0] at offset 69
âœ… Message delivered to crypto_ticks [0] at offset 70
âœ… Message delivered to crypto_ticks [0] at offset 71
âœ… Message delivered to crypto_ticks [0] at offset 72
âœ… Message delivered to crypto_ticks [0] at offset 73
âœ… Message delivered to crypto_ticks [0] at offset 74
âœ… Message delivered to crypto_ticks [0] at offset 75
âœ… Message delivered to crypto_ticks [0] at offset 76
âœ… Message delivered to crypto_ticks [0] at offset 77
âœ… Message delivered to crypto_ticks [0] at offset 78
âœ… Message delivered to crypto_ticks [0] at offset 79
âœ… Message delivered to crypto_ticks [0] at offset 80
âœ… Message delivered to crypto_ticks [0] at offset 81
âœ… Message delivered to crypto_ticks [0] at offset 82
âœ… Message delivered to crypto_ticks [0] at offset 83
âœ… Message delivered to crypto_ticks [0] at offset 84
âœ… Message delivered to crypto_ticks [0] at offset 85
âœ… Message delivered to crypto_ticks [0] at offset 86
âœ… Message delivered to crypto_ticks [0] at offset 87
âœ… Message delivered to crypto_ticks [0] at offset 88
âœ… Message delivered to crypto_ticks [0] at offset 89
âœ… Message delivered to crypto_ticks [0] at offset 90
âœ… Message delivered to crypto_ticks [0] at offset 91
âœ… Message delivered to crypto_ticks [0] at offset 92
âœ… Message delivered to crypto_ticks [0] at offset 93
âœ… Message delivered to crypto_ticks [0] at offset 94
âœ… Message delivered to crypto_ticks [0] at offset 95
âœ… Message delivered to crypto_ticks [0] at offset 96
âœ… Message delivered to crypto_ticks [0] at offset 97
âœ… Message delivered to crypto_ticks [0] at offset 98
âœ… Message delivered to crypto_ticks [0] at offset 99
âœ… Message delivered to crypto_ticks [0] at offset 100
âœ… Message delivered to crypto_ticks [0] at offset 101
âœ… Message delivered to crypto_ticks [0] at offset 102
âœ… Message delivered to crypto_ticks [0] at offset 103
âœ… Message delivered to crypto_ticks [0] at offset 104
âœ… Message delivered to crypto_ticks [0] at offset 105
âœ… Message delivered to crypto_ticks [0] at offset 106
âœ… Message delivered to crypto_ticks [0] at offset 107
âœ… Message delivered to crypto_ticks [0] at offset 108
âœ… Message delivered to crypto_ticks [0] at offset 109
âœ… Message delivered to crypto_ticks [0] at offset 110
âœ… Message delivered to crypto_ticks [0] at offset 111
âœ… Message delivered to crypto_ticks [0] at offset 112
âœ… Message delivered to crypto_ticks [0] at offset 113
âœ… Message delivered to crypto_ticks [0] at offset 114
âœ… Message delivered to crypto_ticks [0] at offset 115
âœ… Message delivered to crypto_ticks [0] at offset 116
âœ… Message delivered to crypto_ticks [0] at offset 117
âœ… Message delivered to crypto_ticks [0] at offset 118
âœ… Message delivered to crypto_ticks [0] at offset 119
âœ… Message delivered to crypto_ticks [0] at offset 120
âœ… Message delivered to crypto_ticks [0] at offset 121
âœ… Message delivered to crypto_ticks [0] at offset 122
âœ… Message delivered to crypto_ticks [0] at offset 123
âœ… Message delivered to crypto_ticks [0] at offset 124
âœ… Message delivered to crypto_ticks [0] at offset 125
âœ… Message delivered to crypto_ticks [0] at offset 126
âœ… Message delivered to crypto_ticks [0] at offset 127
âœ… Message delivered to crypto_ticks [0] at offset 128
âœ… Message delivered to crypto_ticks [0] at offset 129
âœ… Message delivered to crypto_ticks [0] at offset 130
âœ… Message delivered to crypto_ticks [0] at offset 131
âœ… Message delivered to crypto_ticks [0] at offset 132
âœ… Message delivered to crypto_ticks [0] at offset 133
âœ… Message delivered to crypto_ticks [0] at offset 134
âœ… Message delivered to crypto_ticks [0] at offset 135
âœ… Message delivered to crypto_ticks [0] at offset 136
âœ… Message delivered to crypto_ticks [0] at offset 137
âœ… Message delivered to crypto_ticks [0] at offset 138
âœ… Message delivered to crypto_ticks [0] at offset 139
âœ… Message delivered to crypto_ticks [0] at offset 140
âœ… Message delivered to crypto_ticks [0] at offset 141
âœ… Message delivered to crypto_ticks [0] at offset 142
âœ… Message delivered to crypto_ticks [0] at offset 143
âœ… Message delivered to crypto_ticks [0] at offset 144
âœ… Message delivered to crypto_ticks [0] at offset 145
âœ… Message delivered to crypto_ticks [0] at offset 146
âœ… Message delivered to crypto_ticks [0] at offset 147
âœ… Message delivered to crypto_ticks [0] at offset 148
âœ… Message delivered to crypto_ticks [0] at offset 149
âœ… Message delivered to crypto_ticks [0] at offset 150
âœ… Message delivered to crypto_ticks [0] at offset 151






Terminal_3:
Last login: Sun Dec 14 12:00:35 on ttys008
amit_1497@AMITs-MacBook-Air ~ % cd /Users/amit_1497/Downloads/revolution/practice/guidedLearning/crypto-stream-lakehouse
amit_1497@AMITs-MacBook-Air crypto-stream-lakehouse % python spark_processor.py
25/12/14 12:04:14 WARN Utils: Your hostname, AMITs-MacBook-Air.local resolves to a loopback address: 127.0.0.1; using 192.168.1.33 instead (on interface en0)
25/12/14 12:04:14 WARN Utils: Set SPARK_LOCAL_IP if you need to bind to another address
:: loading settings :: url = jar:file:/Users/amit_1497/.pyenv/versions/3.11.14/lib/python3.11/site-packages/pyspark/jars/ivy-2.5.1.jar!/org/apache/ivy/core/settings/ivysettings.xml
Ivy Default Cache set to: /Users/amit_1497/.ivy2/cache
The jars for the packages stored in: /Users/amit_1497/.ivy2/jars
org.apache.spark#spark-sql-kafka-0-10_2.12 added as a dependency
io.delta#delta-spark_2.12 added as a dependency
:: resolving dependencies :: org.apache.spark#spark-submit-parent-0aa1c068-bffd-40d2-8506-ca19ea63667b;1.0
	confs: [default]
	found org.apache.spark#spark-sql-kafka-0-10_2.12;3.5.0 in central
	found org.apache.spark#spark-token-provider-kafka-0-10_2.12;3.5.0 in central
	found org.apache.kafka#kafka-clients;3.4.1 in central
	found org.lz4#lz4-java;1.8.0 in central
	found org.xerial.snappy#snappy-java;1.1.10.3 in central
	found org.slf4j#slf4j-api;2.0.7 in central
	found org.apache.hadoop#hadoop-client-runtime;3.3.4 in central
	found org.apache.hadoop#hadoop-client-api;3.3.4 in central
	found commons-logging#commons-logging;1.1.3 in central
	found com.google.code.findbugs#jsr305;3.0.0 in central
	found org.apache.commons#commons-pool2;2.11.1 in central
	found io.delta#delta-spark_2.12;3.0.0 in central
	found io.delta#delta-storage;3.0.0 in central
	found org.antlr#antlr4-runtime;4.9.3 in central
downloading https://repo1.maven.org/maven2/org/apache/spark/spark-sql-kafka-0-10_2.12/3.5.0/spark-sql-kafka-0-10_2.12-3.5.0.jar ...
	[SUCCESSFUL ] org.apache.spark#spark-sql-kafka-0-10_2.12;3.5.0!spark-sql-kafka-0-10_2.12.jar (109ms)
downloading https://repo1.maven.org/maven2/io/delta/delta-spark_2.12/3.0.0/delta-spark_2.12-3.0.0.jar ...
	[SUCCESSFUL ] io.delta#delta-spark_2.12;3.0.0!delta-spark_2.12.jar (473ms)
downloading https://repo1.maven.org/maven2/org/apache/spark/spark-token-provider-kafka-0-10_2.12/3.5.0/spark-token-provider-kafka-0-10_2.12-3.5.0.jar ...
	[SUCCESSFUL ] org.apache.spark#spark-token-provider-kafka-0-10_2.12;3.5.0!spark-token-provider-kafka-0-10_2.12.jar (99ms)
downloading https://repo1.maven.org/maven2/org/apache/kafka/kafka-clients/3.4.1/kafka-clients-3.4.1.jar ...
	[SUCCESSFUL ] org.apache.kafka#kafka-clients;3.4.1!kafka-clients.jar (187ms)
downloading https://repo1.maven.org/maven2/com/google/code/findbugs/jsr305/3.0.0/jsr305-3.0.0.jar ...
	[SUCCESSFUL ] com.google.code.findbugs#jsr305;3.0.0!jsr305.jar (88ms)
downloading https://repo1.maven.org/maven2/org/apache/commons/commons-pool2/2.11.1/commons-pool2-2.11.1.jar ...
	[SUCCESSFUL ] org.apache.commons#commons-pool2;2.11.1!commons-pool2.jar (88ms)
downloading https://repo1.maven.org/maven2/org/apache/hadoop/hadoop-client-runtime/3.3.4/hadoop-client-runtime-3.3.4.jar ...
	[SUCCESSFUL ] org.apache.hadoop#hadoop-client-runtime;3.3.4!hadoop-client-runtime.jar (1185ms)
downloading https://repo1.maven.org/maven2/org/lz4/lz4-java/1.8.0/lz4-java-1.8.0.jar ...
	[SUCCESSFUL ] org.lz4#lz4-java;1.8.0!lz4-java.jar (116ms)
downloading https://repo1.maven.org/maven2/org/xerial/snappy/snappy-java/1.1.10.3/snappy-java-1.1.10.3.jar ...
	[SUCCESSFUL ] org.xerial.snappy#snappy-java;1.1.10.3!snappy-java.jar(bundle) (153ms)
downloading https://repo1.maven.org/maven2/org/slf4j/slf4j-api/2.0.7/slf4j-api-2.0.7.jar ...
	[SUCCESSFUL ] org.slf4j#slf4j-api;2.0.7!slf4j-api.jar (79ms)
downloading https://repo1.maven.org/maven2/org/apache/hadoop/hadoop-client-api/3.3.4/hadoop-client-api-3.3.4.jar ...
	[SUCCESSFUL ] org.apache.hadoop#hadoop-client-api;3.3.4!hadoop-client-api.jar (794ms)
downloading https://repo1.maven.org/maven2/commons-logging/commons-logging/1.1.3/commons-logging-1.1.3.jar ...
	[SUCCESSFUL ] commons-logging#commons-logging;1.1.3!commons-logging.jar (83ms)
downloading https://repo1.maven.org/maven2/io/delta/delta-storage/3.0.0/delta-storage-3.0.0.jar ...
	[SUCCESSFUL ] io.delta#delta-storage;3.0.0!delta-storage.jar (80ms)
downloading https://repo1.maven.org/maven2/org/antlr/antlr4-runtime/4.9.3/antlr4-runtime-4.9.3.jar ...
	[SUCCESSFUL ] org.antlr#antlr4-runtime;4.9.3!antlr4-runtime.jar (94ms)
:: resolution report :: resolve 9105ms :: artifacts dl 3640ms
	:: modules in use:
	com.google.code.findbugs#jsr305;3.0.0 from central in [default]
	commons-logging#commons-logging;1.1.3 from central in [default]
	io.delta#delta-spark_2.12;3.0.0 from central in [default]
	io.delta#delta-storage;3.0.0 from central in [default]
	org.antlr#antlr4-runtime;4.9.3 from central in [default]
	org.apache.commons#commons-pool2;2.11.1 from central in [default]
	org.apache.hadoop#hadoop-client-api;3.3.4 from central in [default]
	org.apache.hadoop#hadoop-client-runtime;3.3.4 from central in [default]
	org.apache.kafka#kafka-clients;3.4.1 from central in [default]
	org.apache.spark#spark-sql-kafka-0-10_2.12;3.5.0 from central in [default]
	org.apache.spark#spark-token-provider-kafka-0-10_2.12;3.5.0 from central in [default]
	org.lz4#lz4-java;1.8.0 from central in [default]
	org.slf4j#slf4j-api;2.0.7 from central in [default]
	org.xerial.snappy#snappy-java;1.1.10.3 from central in [default]
	---------------------------------------------------------------------
	|                  |            modules            ||   artifacts   |
	|       conf       | number| search|dwnlded|evicted|| number|dwnlded|
	---------------------------------------------------------------------
	|      default     |   14  |   14  |   14  |   0   ||   14  |   14  |
	---------------------------------------------------------------------
:: retrieving :: org.apache.spark#spark-submit-parent-0aa1c068-bffd-40d2-8506-ca19ea63667b
	confs: [default]
	14 artifacts copied, 0 already retrieved (61997kB/57ms)
25/12/14 12:04:27 WARN NativeCodeLoader: Unable to load native-hadoop library for your platform... using builtin-java classes where applicable
Setting default log level to "WARN".
To adjust logging level use sc.setLogLevel(newLevel). For SparkR, use setLogLevel(newLevel).
25/12/14 12:04:30 WARN ResolveWriteToStream: spark.sql.adaptive.enabled is not supported in streaming DataFrames/Datasets and will be disabled.
ğŸš€ Streaming to Delta Lake at ./data/crypto_stats_delta...
25/12/14 12:04:31 WARN AdminClientConfig: These configurations '[key.deserializer, value.deserializer, enable.auto.commit, max.poll.records, auto.offset.reset]' were supplied but are not used yet.
25/12/14 12:04:35 WARN SparkStringUtils: Truncated the string representation of a plan since it was too large. This behavior can be adjusted by setting 'spark.sql.debug.maxToStringFields'.
25/12/14 12:05:52 ERROR NonFateSharingFuture: Failed to get result from future  
scala.runtime.NonLocalReturnControl
25/12/14 12:06:17 ERROR NonFateSharingFuture: Failed to get result from future  
scala.runtime.NonLocalReturnControl
25/12/14 12:06:44 ERROR NonFateSharingFuture: Failed to get result from future  
scala.runtime.NonLocalReturnControl
25/12/14 12:07:26 ERROR NonFateSharingFuture: Failed to get result from future  
scala.runtime.NonLocalReturnControl



Terminal_4:
Last login: Sun Dec 14 12:10:37 on ttys007
amit_1497@AMITs-MacBook-Air ~ % cd /Users/amit_1497/Downloads/revolution/practice/guidedLearning/crypto-stream-lakehouse
amit_1497@AMITs-MacBook-Air crypto-stream-lakehouse % pythoon reader.py
zsh: command not found: pythoon
amit_1497@AMITs-MacBook-Air crypto-stream-lakehouse % python reader.py 
  File "/Users/amit_1497/Downloads/revolution/practice/guidedLearning/crypto-stream-lakehouse/reader.py", line 15
    .config("spark.jars.packages", "io.delta:delta-spark_2.12:3.0.0") \
IndentationError: unexpected indent
amit_1497@AMITs-MacBook-Air crypto-stream-lakehouse % python reader.py
25/12/14 12:15:39 WARN Utils: Your hostname, AMITs-MacBook-Air.local resolves to a loopback address: 127.0.0.1; using 192.168.1.33 instead (on interface en0)
25/12/14 12:15:39 WARN Utils: Set SPARK_LOCAL_IP if you need to bind to another address
:: loading settings :: url = jar:file:/Users/amit_1497/.pyenv/versions/3.11.14/lib/python3.11/site-packages/pyspark/jars/ivy-2.5.1.jar!/org/apache/ivy/core/settings/ivysettings.xml
Ivy Default Cache set to: /Users/amit_1497/.ivy2/cache
The jars for the packages stored in: /Users/amit_1497/.ivy2/jars
io.delta#delta-spark_2.12 added as a dependency
:: resolving dependencies :: org.apache.spark#spark-submit-parent-212b6988-655f-4c1c-ae64-f484d5c88c7e;1.0
	confs: [default]
	found io.delta#delta-spark_2.12;3.0.0 in central
	found io.delta#delta-storage;3.0.0 in central
	found org.antlr#antlr4-runtime;4.9.3 in central
:: resolution report :: resolve 90ms :: artifacts dl 9ms
	:: modules in use:
	io.delta#delta-spark_2.12;3.0.0 from central in [default]
	io.delta#delta-storage;3.0.0 from central in [default]
	org.antlr#antlr4-runtime;4.9.3 from central in [default]
	---------------------------------------------------------------------
	|                  |            modules            ||   artifacts   |
	|       conf       | number| search|dwnlded|evicted|| number|dwnlded|
	---------------------------------------------------------------------
	|      default     |   3   |   0   |   0   |   0   ||   3   |   0   |
	---------------------------------------------------------------------
:: retrieving :: org.apache.spark#spark-submit-parent-212b6988-655f-4c1c-ae64-f484d5c88c7e
	confs: [default]
	0 artifacts copied, 3 already retrieved (0kB/4ms)
25/12/14 12:15:39 WARN NativeCodeLoader: Unable to load native-hadoop library for your platform... using builtin-java classes where applicable
Setting default log level to "WARN".
To adjust logging level use sc.setLogLevel(newLevel). For SparkR, use setLogLevel(newLevel).
25/12/14 12:15:40 WARN Utils: Service 'SparkUI' could not bind on port 4040. Attempting port 4041.
ğŸ“‚ Reading Delta Lake from: ./data/crypto_stats_delta

ğŸ“Š --- Latest Crypto Metrics (1-Minute Windows) ---
25/12/14 12:15:44 ERROR NonFateSharingFuture: Failed to get result from future
scala.runtime.NonLocalReturnControl
+------------------------------------------+-------+-----------------+------------------+------------------+-----------+
|window                                    |pair   |avg_price        |volatility        |total_volume      |trade_count|
+------------------------------------------+-------+-----------------+------------------+------------------+-----------+
|{2025-12-14 12:11:00, 2025-12-14 12:12:00}|XBT/USD|89402.49322916666|48.68640889879334 |3.0188502744076686|90         |
|{2025-12-14 12:07:00, 2025-12-14 12:08:00}|XBT/USD|89273.7219551282 |39.0018640873331  |6.487211707230017 |78         |
|{2025-12-14 12:05:00, 2025-12-14 12:06:00}|XBT/USD|89175.89015858209|10.334037470144413|0.7503093712139162|67         |
|{2025-12-14 12:03:00, 2025-12-14 12:04:00}|XBT/USD|89169.04073660714|9.778404224452451 |3.399931119347457 |14         |
+------------------------------------------+-------+-----------------+------------------+------------------+-----------+


ğŸ“‹ --- Data Schema ---
root
 |-- window: struct (nullable = true)
 |    |-- start: timestamp (nullable = true)
 |    |-- end: timestamp (nullable = true)
 |-- pair: string (nullable = true)
 |-- avg_price: double (nullable = true)
 |-- volatility: double (nullable = true)
 |-- total_volume: double (nullable = true)
 |-- trade_count: long (nullable = true)


âœ… Total Aggregated Windows Stored: 4
amit_1497@AMITs-MacBook-Air crypto-stream-lakehouse % 
